/opt/gcc-arm-none-eabi-10.3-2021.10/arm-none-eabi/include/c++/10.3.1/arm-none-eabi/thumb/v7e-m+fp/hard/bits/gthr-default.h:229:1:int __gthread_key_delete(__gthread_key_t)	16	static
/home/step/ESC_toolkit/ESC_TOOLKIT_TARGET_STM32G431RB/main.cpp:43:10:uint32_t SSC(Sector)	16	static
/home/step/ESC_toolkit/ESC_TOOLKIT_TARGET_STM32G431RB/main.cpp:71:6:void ReadInjectedADC(volatile uint32_t*)	24	static
/home/step/ESC_toolkit/ESC_TOOLKIT_TARGET_STM32G431RB/main.cpp:93:6:void HAL_ADC_ConvCpltCallback(ADC_HandleTypeDef*)	16	static
/home/step/ESC_toolkit/ESC_TOOLKIT_TARGET_STM32G431RB/main.cpp:103:5:int main()	8	static
/home/step/ESC_toolkit/ESC_TOOLKIT_TARGET_STM32G431RB/main.cpp:146:6:void SystemClock_Config()	88	static
/home/step/ESC_toolkit/ESC_TOOLKIT_TARGET_STM32G431RB/main.cpp:181:6:void ADC1_Init()	56	static
/home/step/ESC_toolkit/ESC_TOOLKIT_TARGET_STM32G431RB/main.cpp:262:13:void TIM1_Init()	120	static
/home/step/ESC_toolkit/ESC_TOOLKIT_TARGET_STM32G431RB/main.cpp:335:13:void TIM3_Init()	88	static
/home/step/ESC_toolkit/ESC_TOOLKIT_TARGET_STM32G431RB/main.cpp:396:6:void DMA_Init()	16	static
/home/step/ESC_toolkit/ESC_TOOLKIT_TARGET_STM32G431RB/main.cpp:413:6:void GPIO_Init()	40	static
/home/step/ESC_toolkit/ESC_TOOLKIT_TARGET_STM32G431RB/main.cpp:450:6:void Error_Handler()	4	static
/home/step/ESC_toolkit/ESC_TOOLKIT_TARGET_STM32G431RB/main.cpp:466:6:void assert_failed(uint8_t*, uint32_t)	16	static
/home/step/ESC_toolkit/ESC_TOOLKIT_TARGET_STM32G431RB/main.cpp:478:1:void __static_initialization_and_destruction_0(int, int)	16	static
/home/step/ESC_toolkit/ESC_TOOLKIT_TARGET_STM32G431RB/main.cpp:478:1:cpp)	8	static
